[www.webstrot.com/html/weapon/index.html]
[backblue.gif]
[fade.gif]
[index.html]
[www.webstrot.com/html/weapon/favicon.png]
[www.webstrot.com/html/weapon/assets/js/vendor/modernizr-2.8.3.min.js]
[www.webstrot.com/html/weapon/assets/images/logo/preloader.gif]
[www.webstrot.com/html/weapon/index-2.html]
[www.webstrot.com/html/weapon/assets/images/logo/logo.png]
[www.webstrot.com/html/weapon/about.html]
[www.webstrot.com/html/weapon/services.html]
[www.webstrot.com/html/weapon/shop.html]
[www.webstrot.com/html/weapon/product-single.html]
[www.webstrot.com/html/weapon/event.html]
[www.webstrot.com/html/weapon/event-single.html]
[www.webstrot.com/html/weapon/gallery.html]
[www.webstrot.com/html/weapon/blog.html]
[www.webstrot.com/html/weapon/blog-single.html]
[www.webstrot.com/html/weapon/contact.html]
[www.webstrot.com/html/weapon/assets/images/products/5.jpg]
[www.webstrot.com/html/weapon/assets/images/products/6.jpg]
[www.webstrot.com/html/weapon/assets/images/products/7.jpg]
[www.webstrot.com/html/weapon/login.html]
[www.webstrot.com/html/weapon/assets/images/sliders/sm-1.jpg]
[www.webstrot.com/html/weapon/assets/images/sliders/sm-2.jpg]
[www.webstrot.com/html/weapon/assets/images/sliders/sm-3.jpg]
[www.webstrot.com/html/weapon/assets/images/sliders/sm-4.jpg]
[www.webstrot.com/html/weapon/assets/images/icons/01.png]
[www.webstrot.com/html/weapon/assets/images/icons/02.png]
[www.webstrot.com/html/weapon/assets/images/icons/03.png]
[www.webstrot.com/html/weapon/assets/images/banner/1.png]
[www.webstrot.com/html/weapon/assets/images/events/1.jpg]
[www.webstrot.com/html/weapon/assets/images/events/2.jpg]
[www.webstrot.com/html/weapon/assets/images/events/3.jpg]
[www.webstrot.com/html/weapon/assets/images/products/1.png]
[www.webstrot.com/html/weapon/assets/images/products/2.png]
[www.webstrot.com/html/weapon/assets/images/products/3.png]
[www.webstrot.com/html/weapon/assets/images/products/4.png]
[www.webstrot.com/html/weapon/assets/images/products/1.jpg]
[www.webstrot.com/html/weapon/assets/images/products/2.jpg]
[www.webstrot.com/html/weapon/assets/images/products/3.jpg]
[www.webstrot.com/html/weapon/assets/images/products/4.jpg]
[www.webstrot.com/html/weapon/assets/images/gallery/1.jpg]
[www.webstrot.com/html/weapon/assets/images/gallery/4.jpg]
[www.webstrot.com/html/weapon/assets/images/gallery/2.jpg]
[www.webstrot.com/html/weapon/assets/images/gallery/3.jpg]
[www.webstrot.com/html/weapon/assets/images/gallery/6.jpg]
[www.webstrot.com/html/weapon/assets/images/gallery/5.jpg]
[www.webstrot.com/html/weapon/assets/images/client/1.png]
[www.webstrot.com/html/weapon/assets/images/client/2.png]
[www.webstrot.com/html/weapon/assets/images/client/3.png]
[www.webstrot.com/html/weapon/assets/images/client/4.png]
[www.webstrot.com/html/weapon/assets/images/client/5.png]
[www.webstrot.com/html/weapon/assets/images/client/6.png]
[www.webstrot.com/html/weapon/assets/images/client/7.png]
[www.webstrot.com/html/weapon/assets/images/client/8.png]
[www.webstrot.com/html/weapon/assets/images/client/9.png]
[www.webstrot.com/html/weapon/assets/images/client/10.png]
[www.webstrot.com/html/weapon/assets/images/blog/sm-1.jpg]
[www.webstrot.com/html/weapon/assets/images/blog/sm-2.jpg]
[www.webstrot.com/html/weapon/assets/images/products/sm1.jpg]
[www.webstrot.com/html/weapon/assets/images/products/sm2.jpg]
[www.webstrot.com/html/weapon/assets/images/products/sm3.jpg]
[www.webstrot.com/html/weapon/assets/images/products/sm4.jpg]
[www.webstrot.com/html/weapon/assets/js/vendor/jquery-3.2.1.min.js]
[www.webstrot.com/html/weapon/assets/js/tether.min.js]
[www.webstrot.com/html/weapon/assets/js/bootstrap.min.js]
[www.webstrot.com/html/weapon/assets/js/owl.carousel.min.js]
[www.webstrot.com/html/weapon/assets/js/jquery.bxslider.min.js]
[www.webstrot.com/html/weapon/assets/js/isotope.pkgd.min.js]
[www.webstrot.com/html/weapon/assets/js/jquery.magnific-popup.min.js]
[www.webstrot.com/html/weapon/assets/js/jquery.meanmenu.js]
[www.webstrot.com/html/weapon/assets/js/jarallax.min.js]
[www.webstrot.com/html/weapon/assets/js/jquery-ui.min.js]
[www.webstrot.com/html/weapon/assets/js/jquery.waypoints.min.js]
[www.webstrot.com/html/weapon/assets/js/jquery.counterup.min.js]
[www.webstrot.com/html/weapon/assets/js/masonry.pkgd.min.js]
[www.webstrot.com/html/weapon/assets/js/jquery.bootstrap-touchspin.min.js]
[www.webstrot.com/html/weapon/assets/js/jquery.downCount.js]
[www.webstrot.com/html/weapon/assets/js/wow.min.js]
[www.webstrot.com/html/weapon/assets/js/slick.min.js]
[www.webstrot.com/html/weapon/assets/js/plugins.js]
[www.webstrot.com/html/weapon/assets/js/main.js]
[www.webstrot.com/html/weapon/index.html]
[www.webstrot.com/html/weapon/assets/css/allplugins.css]
[www.webstrot.com/html/weapon/assets/images/sliders/1.jpg]
[www.webstrot.com/html/weapon/assets/images/sliders/2.jpg]
[www.webstrot.com/html/weapon/assets/images/sliders/3.jpg]
[www.webstrot.com/html/weapon/assets/images/sliders/4.jpg]
[www.webstrot.com/html/weapon/assets/images/banner/bg-1.jpg]
[www.webstrot.com/html/weapon/assets/images/breadcumb/bg-1.jpg]
[www.webstrot.com/html/weapon/assets/images/banner/bg-2.jpg]
[www.webstrot.com/html/weapon/assets/images/banner/bg-3.jpg]
[www.webstrot.com/html/weapon/assets/images/banner/bg-4.jpg]
[www.webstrot.com/html/weapon/assets/images/banner/bg-5.jpg]
[www.webstrot.com/html/weapon/assets/images/banner/bg-7.png]
[www.webstrot.com/html/weapon/assets/images/banner/bg-6.jpg]
[www.webstrot.com/html/weapon/assets/images/blog/1.jpg]
[www.webstrot.com/html/weapon/assets/style.css]
[www.webstrot.com/html/weapon/assets/css/responsive.css]
[www.webstrot.com/html/weapon/assets/css/custom.css]
[www.webstrot.com/html/weapon/index-2.html]
[www.webstrot.com/html/weapon/about.html]
[www.webstrot.com/html/weapon/services.html]
[www.webstrot.com/html/weapon/assets/images/products/8.jpg]
[www.webstrot.com/html/weapon/assets/images/products/9.jpg]
[www.webstrot.com/html/weapon/shop.html]
[www.webstrot.com/html/weapon/product-single.html]
[www.webstrot.com/html/weapon/event.html]
[www.webstrot.com/html/weapon/assets/images/events/4.jpg]
[www.webstrot.com/html/weapon/assets/images/events/5.jpg]
[www.webstrot.com/html/weapon/assets/images/events/6.jpg]
[www.webstrot.com/html/weapon/assets/images/events/7.jpg]
[www.webstrot.com/html/weapon/assets/images/events/8.jpg]
[www.webstrot.com/html/weapon/event-single.html]
[www.webstrot.com/html/weapon/gallery.html]
[www.webstrot.com/html/weapon/assets/images/blog/2.jpg]
[www.webstrot.com/html/weapon/assets/images/blog/3.jpg]
[www.webstrot.com/html/weapon/assets/images/blog/4.jpg]
[www.webstrot.com/html/weapon/assets/images/blog/5.jpg]
[www.webstrot.com/html/weapon/assets/images/blog/6.jpg]
[www.webstrot.com/html/weapon/blog.html]
[www.webstrot.com/html/weapon/assets/images/blog/7.jpg]
[www.webstrot.com/html/weapon/assets/images/blog/1.png]
[www.webstrot.com/html/weapon/assets/images/blog/2.png]
[www.webstrot.com/html/weapon/assets/images/blog/sm-4.jpg]
[www.webstrot.com/html/weapon/assets/images/blog/sm-5.jpg]
[www.webstrot.com/html/weapon/assets/images/blog/sm-6.jpg]
[www.webstrot.com/html/weapon/assets/images/blog/sm-7.jpg]
[www.webstrot.com/html/weapon/blog-single.html]
[www.webstrot.com/html/weapon/contact.html]
[www.webstrot.com/html/weapon/register.html]
[www.webstrot.com/html/weapon/login.html]
[www.webstrot.com/html/weapon/assets/css/bootstrap.min.css]
[www.webstrot.com/html/weapon/assets/css/slick.css]
[www.webstrot.com/html/weapon/assets/css/animate.css]
[www.webstrot.com/html/weapon/assets/css/jquery-ui.min.css]
[www.webstrot.com/html/weapon/assets/css/meanmenu.min.css]
[www.webstrot.com/html/weapon/assets/css/grabbing.png]
[www.webstrot.com/html/weapon/assets/css/owl.carousel.min.css]
[www.webstrot.com/html/weapon/assets/css/images/bx_loader.gif]
[www.webstrot.com/html/weapon/assets/css/jquery.bxslider.css]
[www.webstrot.com/html/weapon/assets/css/magnific-popup.css]
[www.webstrot.com/html/weapon/assets/fonts/fa-brands-400.eot]
[www.webstrot.com/html/weapon/assets/fonts/fa-brands-400.woff2]
[www.webstrot.com/html/weapon/assets/fonts/fa-brands-400.woff]
[www.webstrot.com/html/weapon/assets/fonts/fa-brands-400d41d.eot]
[www.webstrot.com/html/weapon/assets/fonts/fa-brands-400.ttf]
[www.webstrot.com/html/weapon/assets/fonts/fa-regular-400.eot]
[www.webstrot.com/html/weapon/assets/fonts/fa-regular-400.woff2]
[www.webstrot.com/html/weapon/assets/fonts/fa-regular-400d41d.eot]
[www.webstrot.com/html/weapon/assets/fonts/fa-regular-400.woff]
[www.webstrot.com/html/weapon/assets/fonts/fa-regular-400.ttf]
[www.webstrot.com/html/weapon/assets/fonts/fa-solid-900.eot]
[www.webstrot.com/html/weapon/assets/fonts/fa-solid-900.woff2]
[www.webstrot.com/html/weapon/assets/fonts/fa-solid-900d41d.eot]
[www.webstrot.com/html/weapon/assets/fonts/fa-solid-900.woff]
[www.webstrot.com/html/weapon/assets/fonts/fa-solid-900.ttf]
[www.webstrot.com/html/weapon/assets/css/fontawesome-all.min.css]
[www.webstrot.com/html/weapon/register.html]
[webstrot.com/html/weapon/assets/css/images/ui-icons_444444_256x240.html]
[webstrot.com/html/weapon/assets/css/images/ui-icons_555555_256x240.html]
[webstrot.com/html/weapon/assets/css/images/ui-icons_ffffff_256x240.html]
[webstrot.com/html/weapon/assets/css/images/ui-icons_777620_256x240.html]
[webstrot.com/html/weapon/assets/css/images/ui-icons_cc0000_256x240.html]
[webstrot.com/html/weapon/assets/css/images/ui-icons_777777_256x240.html]
[webstrot.com/html/weapon/assets/css/AjaxLoader.html]
[webstrot.com/html/weapon/assets/css/images/controls.html]
[www.webstrot.com/html/weapon/assets/fonts/fa-brands-400.svg]
[www.webstrot.com/html/weapon/assets/fonts/fa-regular-400.svg]
[www.webstrot.com/html/weapon/assets/fonts/fa-solid-900.svg]
